// Jest Snapshot v1, https://jestjs.io/docs/snapshot-testing

exports[`ClientSchema should match the snapshot 1`] = `
{
  "properties": {
    "communityId": {
      "description": "the Indigenous community to which the client is registered",
      "isArray": false,
      "isOptional": true,
      "label": "Community",
      "mustBeUnique": false,
      "type": "NON_EMPTY_STRING",
    },
    "flagIds": {
      "canBeEmpty": true,
      "description": "a reference to flags that indicate warnings or other context when interacting with the given client",
      "items": {
        "type": "NON_EMPTY_STRING",
      },
      "label": "flag IDs",
      "type": "array",
    },
  },
}
`;
